Watching for file changes with StatReloader
C:\Users\MUNAL SINGH\OneDrive\Desktop\SafeStream\safestream\booking\views.py changed, reloading.
Watching for file changes with StatReloader
C:\Users\MUNAL SINGH\OneDrive\Desktop\SafeStream\safestream\booking\views.py changed, reloading.
Watching for file changes with StatReloader
C:\Users\MUNAL SINGH\OneDrive\Desktop\SafeStream\safestream\booking\views.py changed, reloading.
Watching for file changes with StatReloader
C:\Users\MUNAL SINGH\OneDrive\Desktop\SafeStream\safestream\booking\views.py changed, reloading.
Watching for file changes with StatReloader
Email failed attempt 1: 'ForwardManyToOneDescriptor' object has no attribute 'username'
Email failed attempt 2: 'ForwardManyToOneDescriptor' object has no attribute 'username'
Email failed attempt 3: 'ForwardManyToOneDescriptor' object has no attribute 'username'
C:\Users\MUNAL SINGH\OneDrive\Desktop\SafeStream\safestream\booking\email_service.py changed, reloading.
Watching for file changes with StatReloader
Final email failure
Final email failure
Final email failure
C:\Users\MUNAL SINGH\OneDrive\Desktop\SafeStream\safestream\booking\email_service.py changed, reloading.
Watching for file changes with StatReloader
Email failed attempt 1: 'ForwardManyToOneDescriptor' object has no attribute 'username'
Email failed attempt 2: 'ForwardManyToOneDescriptor' object has no attribute 'username'
Email failed attempt 3: 'ForwardManyToOneDescriptor' object has no attribute 'username'
Final email failure
Watching for file changes with StatReloader
Email failed attempt 1: 'ForwardManyToOneDescriptor' object has no attribute 'username'
Email failed attempt 2: 'ForwardManyToOneDescriptor' object has no attribute 'username'
Email failed attempt 3: 'ForwardManyToOneDescriptor' object has no attribute 'username'
Final email failure
Not Found: /favicon.ico
Watching for file changes with StatReloader
Email failed attempt 1: 'ForwardManyToOneDescriptor' object has no attribute 'username'
Email failed attempt 2: 'ForwardManyToOneDescriptor' object has no attribute 'username'
Email failed attempt 3: 'ForwardManyToOneDescriptor' object has no attribute 'username'
Final email failure
Not Found: /favicon.ico
Email failed attempt 1: 'ForwardManyToOneDescriptor' object has no attribute 'username'
Email failed attempt 2: 'ForwardManyToOneDescriptor' object has no attribute 'username'
Email failed attempt 3: 'ForwardManyToOneDescriptor' object has no attribute 'username'
Final email failure
Email failed attempt 1: 'ForwardManyToOneDescriptor' object has no attribute 'username'
Email failed attempt 2: 'ForwardManyToOneDescriptor' object has no attribute 'username'
Email failed attempt 3: 'ForwardManyToOneDescriptor' object has no attribute 'username'
Final email failure
